<?xml version="1.0" encoding="utf-8"?><testsuites name="pytest tests"><testsuite name="pytest" errors="0" failures="0" skipped="5" tests="5" time="0.472" timestamp="2026-07-21T00:16:20.687571-06:00" hostname="joeslaptop"><testcase classname="" name="tests.test_env" time="0.000"><skipped message="collection skipped">('C:\\Users\\runni\\mammoth_intro_ai.worktrees\\agents-mammothos-atlas-agent-system\\tests\\test_env.py', 2, 'Skipped: Supabase env vars not available in CI')</skipped></testcase><testcase classname="tests.test_brand_voice_generate_copy" name="test_generate_copy_writes_file" time="0.007"><skipped type="pytest.xfail" message="Module not yet implemented" /></testcase><testcase classname="tests.test_router_integration" name="test_allowed_action_runs" time="0.002"><skipped type="pytest.xfail" message="Module not yet implemented" /></testcase><testcase classname="tests.test_router_integration" name="test_forbidden_action_denied" time="0.002"><skipped type="pytest.xfail" message="Module not yet implemented" /></testcase><testcase classname="tests.test_router_integration" name="test_requires_approval_uses_handler" time="0.002"><skipped type="pytest.xfail" message="Module not yet implemented" /></testcase></testsuite></testsuites>